<html>
<body>
<pre>
<h1>礦ision Build Log</h1>
<h2>Tool Versions:</h2>
IDE-Version: μVision V5.15
Copyright (C) 2015 ARM Ltd and ARM Germany GmbH. All rights reserved.
License Information:  ,  , LIC=LJW8T-RWZ8X-X9ZG0-BW2LW-XERBD-UKHKQ
 
Tool Versions:
Toolchain:       MDK-ARM Professional  Version: 5.15.0
Toolchain Path:  d:\Keil_v5\ARM\ARMCC\Bin
C Compiler:      Armcc.exe V5.05 update 2 (build 169)
Assembler:       Armasm.exe V5.05 update 2 (build 169)
Linker/Locator:  ArmLink.exe V5.05 update 2 (build 169)
Library Manager: ArmAr.exe V5.05 update 2 (build 169)
Hex Converter:   FromElf.exe V5.05 update 2 (build 169)
CPU DLL:         SARMCM3.DLL V5.15.0
Dialog DLL:      DCM.DLL V1.13.2.0
Target DLL:      CMSIS_AGDI.dll V1.21.12.0
Dialog DLL:      TCM.DLL V1.14.5.0
 
<h2>Project:</h2>
C:\Users\Shuo\Desktop\stm32程序\STM32F103C8T6核心板_TFT144例程\13--Fire_F103c8t6-FreeRTOS+1.44 spi tft + 软件定时器 + 串口 + 红外遥控 + ADC + iic存储\Project\RVMDK（uv5）\Fire_FreeRTOS.uvprojx
Project File Date:  03/27/2020

<h2>Output:</h2>
*** Using Compiler 'V5.05 update 2 (build 169)', folder: 'd:\Keil_v5\ARM\ARMCC\Bin'
Rebuild target 'Fire_FreeRTOS'
assembling startup_stm32f10x_md.s...
compiling core_cm3.c...
compiling system_stm32f10x.c...
compiling misc.c...
compiling stm32f10x_adc.c...
compiling stm32f10x_bkp.c...
compiling stm32f10x_can.c...
compiling stm32f10x_cec.c...
compiling stm32f10x_crc.c...
compiling stm32f10x_dac.c...
compiling stm32f10x_dbgmcu.c...
compiling stm32f10x_dma.c...
compiling stm32f10x_exti.c...
compiling stm32f10x_flash.c...
compiling stm32f10x_fsmc.c...
compiling stm32f10x_gpio.c...
compiling stm32f10x_i2c.c...
compiling stm32f10x_iwdg.c...
compiling stm32f10x_pwr.c...
compiling stm32f10x_rcc.c...
compiling stm32f10x_rtc.c...
compiling stm32f10x_sdio.c...
compiling stm32f10x_spi.c...
compiling stm32f10x_tim.c...
compiling stm32f10x_usart.c...
compiling stm32f10x_wwdg.c...
compiling main.c...
..\..\User\main.c(143): warning:  #128-D: loop is not reachable
    while(1);   /* ?２换?执?械????? */    
..\..\User\main.c(155): warning:  #550-D: variable "xReturn" was set but never used
    BaseType_t xReturn = pdPASS;/* 定??一?龃唇???息返??值，默??为pdPASS */
..\..\User\main.c: 2 warnings, 0 errors
compiling stm32f10x_it.c...
compiling bsp_led.c...
compiling bsp_key.c...
compiling delay.c...
compiling lcd.c...
compiling GUI.c...
compiling sys.c...
compiling bsp_irda.c...
compiling bsp_usart.c...
compiling tasks.c...
..\..\User\tasks.c(166): warning:  #167-D: argument of type "char *" is incompatible with parameter of type "u8 *"
        Show_Str(5+48+16,50,
ED,
ELLOW,string,16,1);
..\..\User\tasks.c(186): warning:  #167-D: argument of type "char *" is incompatible with parameter of type "u8 *"
        Show_Str(5+48,50,
ED,
ELLOW,string,16,1);
..\..\User\tasks.c(205): warning:  #167-D: argument of type "char *" is incompatible with parameter of type "u8 *"
        Show_Str(5+48+16,50,
ED,
ELLOW,string,16,1);
..\..\User\tasks.c(216): warning:  #167-D: argument of type "char *" is incompatible with parameter of type "u8 *"
        Show_Str(5+48+16,50,
ED,
ELLOW,string,16,1);
..\..\User\tasks.c(227): warning:  #167-D: argument of type "char *" is incompatible with parameter of type "u8 *"
        Show_Str(5+48+16,50,
ED,
ELLOW,string,16,1);
..\..\User\tasks.c: 5 warnings, 0 errors
compiling bsp_adc.c...
compiling bsp_i2c_ee.c...
compiling bsp_i2c_gpio.c...
compiling croutine.c...
compiling event_groups.c...
compiling list.c...
compiling queue.c...
compiling tasks.c...
compiling timers.c...
compiling heap_4.c...
compiling port.c...
linking...
Program Size: Code=27732 RO-data=5356 RW-data=228 ZI-data=18308  
FromELF: creating hex file...
"..\..\Output\Fire_FreeRTOS.axf" - 0 Error(s), 7 Warning(s).

<h2>Collection of Component include folders:</h2>
  C:\Users\Shuo\Desktop\stm32程序\STM32F103C8T6核心板_TFT144例程\13--Fire_F103c8t6-FreeRTOS+1.44 spi tft + 软件定时器 + 串口 + 红外遥控 + ADC + iic存储\Project\RVMDK（uv5）\RTE
  d:\Keil_v5\ARM\PACK\Keil\STM32F1xx_DFP\1.1.0\Device\Include

<h2>Collection of Component Files used:</h2>
</pre>
</body>
</html>
